tracks/ntracks  entries 100000
tracks/ntracks  mean    0.59049
tracks/ntracks  stddev  0.49174338826261815
tracks/size     entries 59049
tracks/size     mean    5.413571779369676
tracks/size     stddev  0.49247351469767364
